http://yp.shoutcast.com/sbin/tunein-station.pls?id=70868
http://yp.shoutcast.com/sbin/tunein-station.pls?id=402
http://yp.shoutcast.com/sbin/tunein-station.pls?id=127886
http://yp.shoutcast.com/sbin/tunein-station.pls?id=150887
http://yp.shoutcast.com/sbin/tunein-station.pls?id=191577
http://yp.shoutcast.com/sbin/tunein-station.pls?id=183613
http://yp.shoutcast.com/sbin/tunein-station.pls?id=135389
http://yp.shoutcast.com/sbin/tunein-station.pls?id=1618585
http://yp.shoutcast.com/sbin/tunein-station.pls?id=143706
http://yp.shoutcast.com/sbin/tunein-station.pls?id=651525
http://yp.shoutcast.com/sbin/tunein-station.pls?id=26956
http://yp.shoutcast.com/sbin/tunein-station.pls?id=81609
http://yp.shoutcast.com/sbin/tunein-station.pls?id=184620
http://yp.shoutcast.com/sbin/tunein-station.pls?id=2702
http://yp.shoutcast.com/sbin/tunein-station.pls?id=190524
http://yp.shoutcast.com/sbin/tunein-station.pls?id=111738
http://yp.shoutcast.com/sbin/tunein-station.pls?id=9462519
http://yp.shoutcast.com/sbin/tunein-station.pls?id=156119
http://yp.shoutcast.com/sbin/tunein-station.pls?id=154940
http://yp.shoutcast.com/sbin/tunein-station.pls?id=128633
http://yp.shoutcast.com/sbin/tunein-station.pls?id=10745
http://yp.shoutcast.com/sbin/tunein-station.pls?id=212869
http://yp.shoutcast.com/sbin/tunein-station.pls?id=1574385
http://yp.shoutcast.com/sbin/tunein-station.pls?id=17698
http://yp.shoutcast.com/sbin/tunein-station.pls?id=676871
http://yp.shoutcast.com/sbin/tunein-station.pls?id=151265
http://yp.shoutcast.com/sbin/tunein-station.pls?id=126661
http://yp.shoutcast.com/sbin/tunein-station.pls?id=105408
http://yp.shoutcast.com/sbin/tunein-station.pls?id=993624
http://yp.shoutcast.com/sbin/tunein-station.pls?id=3674
http://yp.shoutcast.com/sbin/tunein-station.pls?id=1485965
http://yp.shoutcast.com/sbin/tunein-station.pls?id=148472
http://yp.shoutcast.com/sbin/tunein-station.pls?id=75896
http://yp.shoutcast.com/sbin/tunein-station.pls?id=100913
http://yp.shoutcast.com/sbin/tunein-station.pls?id=77016
http://yp.shoutcast.com/sbin/tunein-station.pls?id=146967
